=== RUN   TestHandleCreateBloodPressure
2026/02/19 19:44:04 OK   001_init.sql (279.71µs)
2026/02/19 19:44:04 OK   002_fix_schedules_json.sql (50.25µs)
2026/02/19 19:44:04 OK   003_add_dates.sql (173.46µs)
2026/02/19 19:44:04 OK   004_add_rxnorm.sql (105.21µs)
2026/02/19 19:44:04 OK   005_add_intake_reminders.sql (73.88µs)
2026/02/19 19:44:04 OK   006_add_last_download.sql (59.92µs)
2026/02/19 19:44:04 OK   007_add_bp_tables.sql (153.08µs)
2026/02/19 19:44:04 OK   008_add_weight_tracking.sql (131.83µs)
2026/02/19 19:44:04 OK   009_add_weight_goal.sql (203.25µs)
2026/02/19 19:44:04 OK   010_add_bp_goal.sql (188.75µs)
2026/02/19 19:44:04 OK   011_add_inventory.sql (175.13µs)
2026/02/19 19:44:04 OK   012_add_workout_tracking.sql (493.58µs)
2026/02/19 19:44:04 OK   013_add_sleep_logs.sql (169.42µs)
2026/02/19 19:44:04 OK   014_add_push_subscriptions.sql (128.21µs)
2026/02/19 19:44:04 OK   015_add_bp_reminders.sql (182.88µs)
2026/02/19 19:44:04 OK   016_add_weight_reminders.sql (175.71µs)
2026/02/19 19:44:04 OK   017_make_workout_session_fields_nullable.sql (53.5µs)
2026/02/19 19:44:04 OK   018_add_food_intake.sql (313.92µs)
2026/02/19 19:44:04 goose: successfully migrated database to version: 18
--- PASS: TestHandleCreateBloodPressure (0.01s)
=== RUN   TestHandleCreateBloodPressure_InvalidJSON
2026/02/19 19:44:04 OK   001_init.sql (139.79µs)
2026/02/19 19:44:04 OK   002_fix_schedules_json.sql (28.83µs)
2026/02/19 19:44:04 OK   003_add_dates.sql (128.58µs)
2026/02/19 19:44:04 OK   004_add_rxnorm.sql (114.79µs)
2026/02/19 19:44:04 OK   005_add_intake_reminders.sql (75.33µs)
2026/02/19 19:44:04 OK   006_add_last_download.sql (53.79µs)
2026/02/19 19:44:04 OK   007_add_bp_tables.sql (125.38µs)
2026/02/19 19:44:04 OK   008_add_weight_tracking.sql (113.29µs)
2026/02/19 19:44:04 OK   009_add_weight_goal.sql (173.21µs)
2026/02/19 19:44:04 OK   010_add_bp_goal.sql (169.04µs)
2026/02/19 19:44:04 OK   011_add_inventory.sql (153.67µs)
2026/02/19 19:44:04 OK   012_add_workout_tracking.sql (431.67µs)
2026/02/19 19:44:04 OK   013_add_sleep_logs.sql (149.5µs)
2026/02/19 19:44:04 OK   014_add_push_subscriptions.sql (112.08µs)
2026/02/19 19:44:04 OK   015_add_bp_reminders.sql (157.79µs)
2026/02/19 19:44:04 OK   016_add_weight_reminders.sql (159.79µs)
2026/02/19 19:44:04 OK   017_make_workout_session_fields_nullable.sql (46.92µs)
2026/02/19 19:44:04 OK   018_add_food_intake.sql (288.42µs)
2026/02/19 19:44:04 goose: successfully migrated database to version: 18
--- PASS: TestHandleCreateBloodPressure_InvalidJSON (0.00s)
=== RUN   TestHandleListBloodPressure
2026/02/19 19:44:04 OK   001_init.sql (137.46µs)
2026/02/19 19:44:04 OK   002_fix_schedules_json.sql (26.71µs)
2026/02/19 19:44:04 OK   003_add_dates.sql (117.67µs)
2026/02/19 19:44:04 OK   004_add_rxnorm.sql (112µs)
2026/02/19 19:44:04 OK   005_add_intake_reminders.sql (75.63µs)
2026/02/19 19:44:04 OK   006_add_last_download.sql (52.92µs)
2026/02/19 19:44:04 OK   007_add_bp_tables.sql (129.92µs)
2026/02/19 19:44:04 OK   008_add_weight_tracking.sql (121.21µs)
2026/02/19 19:44:04 OK   009_add_weight_goal.sql (171.5µs)
2026/02/19 19:44:04 OK   010_add_bp_goal.sql (165.29µs)
2026/02/19 19:44:04 OK   011_add_inventory.sql (155.67µs)
2026/02/19 19:44:04 OK   012_add_workout_tracking.sql (456.92µs)
2026/02/19 19:44:04 OK   013_add_sleep_logs.sql (155.75µs)
2026/02/19 19:44:04 OK   014_add_push_subscriptions.sql (117.88µs)
2026/02/19 19:44:04 OK   015_add_bp_reminders.sql (149.96µs)
2026/02/19 19:44:04 OK   016_add_weight_reminders.sql (151.58µs)
2026/02/19 19:44:04 OK   017_make_workout_session_fields_nullable.sql (41.13µs)
2026/02/19 19:44:04 OK   018_add_food_intake.sql (266.33µs)
2026/02/19 19:44:04 goose: successfully migrated database to version: 18
--- PASS: TestHandleListBloodPressure (0.00s)
=== RUN   TestHandleDeleteBloodPressure
2026/02/19 19:44:04 OK   001_init.sql (118.79µs)
2026/02/19 19:44:04 OK   002_fix_schedules_json.sql (21.96µs)
2026/02/19 19:44:04 OK   003_add_dates.sql (108.38µs)
2026/02/19 19:44:04 OK   004_add_rxnorm.sql (104.42µs)
2026/02/19 19:44:04 OK   005_add_intake_reminders.sql (65.83µs)
2026/02/19 19:44:04 OK   006_add_last_download.sql (44.21µs)
2026/02/19 19:44:04 OK   007_add_bp_tables.sql (111.63µs)
2026/02/19 19:44:04 OK   008_add_weight_tracking.sql (100.25µs)
2026/02/19 19:44:04 OK   009_add_weight_goal.sql (153.71µs)
2026/02/19 19:44:04 OK   010_add_bp_goal.sql (152.04µs)
2026/02/19 19:44:04 OK   011_add_inventory.sql (137.92µs)
2026/02/19 19:44:04 OK   012_add_workout_tracking.sql (389.67µs)
2026/02/19 19:44:04 OK   013_add_sleep_logs.sql (132.08µs)
2026/02/19 19:44:04 OK   014_add_push_subscriptions.sql (100.71µs)
2026/02/19 19:44:04 OK   015_add_bp_reminders.sql (149.83µs)
2026/02/19 19:44:04 OK   016_add_weight_reminders.sql (140.46µs)
2026/02/19 19:44:04 OK   017_make_workout_session_fields_nullable.sql (38.63µs)
2026/02/19 19:44:04 OK   018_add_food_intake.sql (260.13µs)
2026/02/19 19:44:04 goose: successfully migrated database to version: 18
--- PASS: TestHandleDeleteBloodPressure (0.00s)
=== RUN   TestHandleGetBPGoal
2026/02/19 19:44:04 OK   001_init.sql (123.54µs)
2026/02/19 19:44:04 OK   002_fix_schedules_json.sql (25µs)
2026/02/19 19:44:04 OK   003_add_dates.sql (119.33µs)
2026/02/19 19:44:04 OK   004_add_rxnorm.sql (111.21µs)
2026/02/19 19:44:04 OK   005_add_intake_reminders.sql (68.46µs)
2026/02/19 19:44:04 OK   006_add_last_download.sql (48.08µs)
2026/02/19 19:44:04 OK   007_add_bp_tables.sql (121.54µs)
2026/02/19 19:44:04 OK   008_add_weight_tracking.sql (108.54µs)
2026/02/19 19:44:04 OK   009_add_weight_goal.sql (157.04µs)
2026/02/19 19:44:04 OK   010_add_bp_goal.sql (162.63µs)
2026/02/19 19:44:04 OK   011_add_inventory.sql (140.79µs)
2026/02/19 19:44:04 OK   012_add_workout_tracking.sql (389.46µs)
2026/02/19 19:44:04 OK   013_add_sleep_logs.sql (130.5µs)
2026/02/19 19:44:04 OK   014_add_push_subscriptions.sql (99.46µs)
2026/02/19 19:44:04 OK   015_add_bp_reminders.sql (138.88µs)
2026/02/19 19:44:04 OK   016_add_weight_reminders.sql (139.79µs)
2026/02/19 19:44:04 OK   017_make_workout_session_fields_nullable.sql (49.75µs)
2026/02/19 19:44:04 OK   018_add_food_intake.sql (246.71µs)
2026/02/19 19:44:04 goose: successfully migrated database to version: 18
--- PASS: TestHandleGetBPGoal (0.00s)
=== RUN   TestHandleGetBPStats
2026/02/19 19:44:04 OK   001_init.sql (109.88µs)
2026/02/19 19:44:04 OK   002_fix_schedules_json.sql (20.42µs)
2026/02/19 19:44:04 OK   003_add_dates.sql (101.21µs)
2026/02/19 19:44:04 OK   004_add_rxnorm.sql (94.46µs)
2026/02/19 19:44:04 OK   005_add_intake_reminders.sql (59.88µs)
2026/02/19 19:44:04 OK   006_add_last_download.sql (41.38µs)
2026/02/19 19:44:04 OK   007_add_bp_tables.sql (104.38µs)
2026/02/19 19:44:04 OK   008_add_weight_tracking.sql (94.38µs)
2026/02/19 19:44:04 OK   009_add_weight_goal.sql (143.96µs)
2026/02/19 19:44:04 OK   010_add_bp_goal.sql (144µs)
2026/02/19 19:44:04 OK   011_add_inventory.sql (132.29µs)
2026/02/19 19:44:04 OK   012_add_workout_tracking.sql (385.33µs)
2026/02/19 19:44:04 OK   013_add_sleep_logs.sql (124.67µs)
2026/02/19 19:44:04 OK   014_add_push_subscriptions.sql (93.21µs)
2026/02/19 19:44:04 OK   015_add_bp_reminders.sql (132.08µs)
2026/02/19 19:44:04 OK   016_add_weight_reminders.sql (132.58µs)
2026/02/19 19:44:04 OK   017_make_workout_session_fields_nullable.sql (36.79µs)
2026/02/19 19:44:04 OK   018_add_food_intake.sql (240.71µs)
2026/02/19 19:44:04 goose: successfully migrated database to version: 18
--- PASS: TestHandleGetBPStats (0.00s)
=== RUN   TestHandleImportBloodPressure
2026/02/19 19:44:04 OK   001_init.sql (110.13µs)
2026/02/19 19:44:04 OK   002_fix_schedules_json.sql (20.5µs)
2026/02/19 19:44:04 OK   003_add_dates.sql (104.21µs)
2026/02/19 19:44:04 OK   004_add_rxnorm.sql (101.96µs)
2026/02/19 19:44:04 OK   005_add_intake_reminders.sql (59.79µs)
2026/02/19 19:44:04 OK   006_add_last_download.sql (42.42µs)
2026/02/19 19:44:04 OK   007_add_bp_tables.sql (102.83µs)
2026/02/19 19:44:04 OK   008_add_weight_tracking.sql (96.67µs)
2026/02/19 19:44:04 OK   009_add_weight_goal.sql (157.88µs)
2026/02/19 19:44:04 OK   010_add_bp_goal.sql (162.42µs)
2026/02/19 19:44:04 OK   011_add_inventory.sql (136.83µs)
2026/02/19 19:44:04 OK   012_add_workout_tracking.sql (363.63µs)
2026/02/19 19:44:04 OK   013_add_sleep_logs.sql (123.83µs)
2026/02/19 19:44:04 OK   014_add_push_subscriptions.sql (93.13µs)
2026/02/19 19:44:04 OK   015_add_bp_reminders.sql (130.71µs)
2026/02/19 19:44:04 OK   016_add_weight_reminders.sql (133µs)
2026/02/19 19:44:04 OK   017_make_workout_session_fields_nullable.sql (37.25µs)
2026/02/19 19:44:04 OK   018_add_food_intake.sql (267.54µs)
2026/02/19 19:44:04 goose: successfully migrated database to version: 18
--- PASS: TestHandleImportBloodPressure (0.00s)
=== RUN   TestHandleExportBloodPressure
2026/02/19 19:44:04 OK   001_init.sql (111.46µs)
2026/02/19 19:44:04 OK   002_fix_schedules_json.sql (20.75µs)
2026/02/19 19:44:04 OK   003_add_dates.sql (105.63µs)
2026/02/19 19:44:04 OK   004_add_rxnorm.sql (97.54µs)
2026/02/19 19:44:04 OK   005_add_intake_reminders.sql (61.54µs)
2026/02/19 19:44:04 OK   006_add_last_download.sql (50.92µs)
2026/02/19 19:44:04 OK   007_add_bp_tables.sql (122.88µs)
2026/02/19 19:44:04 OK   008_add_weight_tracking.sql (93.42µs)
2026/02/19 19:44:04 OK   009_add_weight_goal.sql (141.88µs)
2026/02/19 19:44:04 OK   010_add_bp_goal.sql (141.46µs)
2026/02/19 19:44:04 OK   011_add_inventory.sql (132.88µs)
2026/02/19 19:44:04 OK   012_add_workout_tracking.sql (359.08µs)
2026/02/19 19:44:04 OK   013_add_sleep_logs.sql (121.71µs)
2026/02/19 19:44:04 OK   014_add_push_subscriptions.sql (93.38µs)
2026/02/19 19:44:04 OK   015_add_bp_reminders.sql (129.42µs)
2026/02/19 19:44:04 OK   016_add_weight_reminders.sql (133.79µs)
2026/02/19 19:44:04 OK   017_make_workout_session_fields_nullable.sql (35.63µs)
2026/02/19 19:44:04 OK   018_add_food_intake.sql (239.08µs)
2026/02/19 19:44:04 goose: successfully migrated database to version: 18
--- PASS: TestHandleExportBloodPressure (0.00s)
=== RUN   TestHandleGetBPReminderStatus
2026/02/19 19:44:04 OK   001_init.sql (103.79µs)
2026/02/19 19:44:04 OK   002_fix_schedules_json.sql (18.63µs)
2026/02/19 19:44:04 OK   003_add_dates.sql (93.25µs)
2026/02/19 19:44:04 OK   004_add_rxnorm.sql (91.25µs)
2026/02/19 19:44:04 OK   005_add_intake_reminders.sql (57.33µs)
2026/02/19 19:44:04 OK   006_add_last_download.sql (39.96µs)
2026/02/19 19:44:04 OK   007_add_bp_tables.sql (97.04µs)
2026/02/19 19:44:04 OK   008_add_weight_tracking.sql (91µs)
2026/02/19 19:44:04 OK   009_add_weight_goal.sql (136.96µs)
2026/02/19 19:44:04 OK   010_add_bp_goal.sql (135.21µs)
2026/02/19 19:44:04 OK   011_add_inventory.sql (122.46µs)
2026/02/19 19:44:04 OK   012_add_workout_tracking.sql (346µs)
2026/02/19 19:44:04 OK   013_add_sleep_logs.sql (114.33µs)
2026/02/19 19:44:04 OK   014_add_push_subscriptions.sql (88µs)
2026/02/19 19:44:04 OK   015_add_bp_reminders.sql (124.54µs)
2026/02/19 19:44:04 OK   016_add_weight_reminders.sql (125.04µs)
2026/02/19 19:44:04 OK   017_make_workout_session_fields_nullable.sql (34.83µs)
2026/02/19 19:44:04 OK   018_add_food_intake.sql (227.96µs)
2026/02/19 19:44:04 goose: successfully migrated database to version: 18
--- PASS: TestHandleGetBPReminderStatus (0.00s)
=== RUN   TestHandleToggleBPReminder
2026/02/19 19:44:04 OK   001_init.sql (104.63µs)
2026/02/19 19:44:04 OK   002_fix_schedules_json.sql (18.13µs)
2026/02/19 19:44:04 OK   003_add_dates.sql (94.29µs)
2026/02/19 19:44:04 OK   004_add_rxnorm.sql (91.5µs)
2026/02/19 19:44:04 OK   005_add_intake_reminders.sql (56.21µs)
2026/02/19 19:44:04 OK   006_add_last_download.sql (204.46µs)
2026/02/19 19:44:04 OK   007_add_bp_tables.sql (188.08µs)
2026/02/19 19:44:04 OK   008_add_weight_tracking.sql (194.04µs)
2026/02/19 19:44:04 OK   009_add_weight_goal.sql (185.29µs)
2026/02/19 19:44:04 OK   010_add_bp_goal.sql (152.04µs)
2026/02/19 19:44:04 OK   011_add_inventory.sql (143.71µs)
2026/02/19 19:44:04 OK   012_add_workout_tracking.sql (369.79µs)
2026/02/19 19:44:04 OK   013_add_sleep_logs.sql (137.67µs)
2026/02/19 19:44:04 OK   014_add_push_subscriptions.sql (98.88µs)
2026/02/19 19:44:04 OK   015_add_bp_reminders.sql (137.79µs)
2026/02/19 19:44:04 OK   016_add_weight_reminders.sql (131.71µs)
2026/02/19 19:44:04 OK   017_make_workout_session_fields_nullable.sql (39.38µs)
2026/02/19 19:44:04 OK   018_add_food_intake.sql (247.13µs)
2026/02/19 19:44:04 goose: successfully migrated database to version: 18
--- PASS: TestHandleToggleBPReminder (0.00s)
=== RUN   TestHandleToggleBPReminder_InvalidJSON
2026/02/19 19:44:04 OK   001_init.sql (110.25µs)
2026/02/19 19:44:04 OK   002_fix_schedules_json.sql (23.63µs)
2026/02/19 19:44:04 OK   003_add_dates.sql (102.5µs)
2026/02/19 19:44:04 OK   004_add_rxnorm.sql (92.46µs)
2026/02/19 19:44:04 OK   005_add_intake_reminders.sql (59.38µs)
2026/02/19 19:44:04 OK   006_add_last_download.sql (43.83µs)
2026/02/19 19:44:04 OK   007_add_bp_tables.sql (101.58µs)
2026/02/19 19:44:04 OK   008_add_weight_tracking.sql (91.13µs)
2026/02/19 19:44:04 OK   009_add_weight_goal.sql (137.67µs)
2026/02/19 19:44:04 OK   010_add_bp_goal.sql (133.13µs)
2026/02/19 19:44:04 OK   011_add_inventory.sql (127.13µs)
2026/02/19 19:44:04 OK   012_add_workout_tracking.sql (367.21µs)
2026/02/19 19:44:04 OK   013_add_sleep_logs.sql (128.04µs)
2026/02/19 19:44:04 OK   014_add_push_subscriptions.sql (98.58µs)
2026/02/19 19:44:04 OK   015_add_bp_reminders.sql (136.42µs)
2026/02/19 19:44:04 OK   016_add_weight_reminders.sql (133.96µs)
2026/02/19 19:44:04 OK   017_make_workout_session_fields_nullable.sql (38.17µs)
2026/02/19 19:44:04 OK   018_add_food_intake.sql (236.13µs)
2026/02/19 19:44:04 goose: successfully migrated database to version: 18
--- PASS: TestHandleToggleBPReminder_InvalidJSON (0.00s)
=== RUN   TestHandleSnoozeBPReminder
2026/02/19 19:44:04 OK   001_init.sql (104.71µs)
2026/02/19 19:44:04 OK   002_fix_schedules_json.sql (19.88µs)
2026/02/19 19:44:04 OK   003_add_dates.sql (96.92µs)
2026/02/19 19:44:04 OK   004_add_rxnorm.sql (89.21µs)
2026/02/19 19:44:04 OK   005_add_intake_reminders.sql (56.63µs)
2026/02/19 19:44:04 OK   006_add_last_download.sql (40.25µs)
2026/02/19 19:44:04 OK   007_add_bp_tables.sql (96.88µs)
2026/02/19 19:44:04 OK   008_add_weight_tracking.sql (88.29µs)
2026/02/19 19:44:04 OK   009_add_weight_goal.sql (141.13µs)
2026/02/19 19:44:04 OK   010_add_bp_goal.sql (133.79µs)
2026/02/19 19:44:04 OK   011_add_inventory.sql (121.21µs)
2026/02/19 19:44:04 OK   012_add_workout_tracking.sql (340.08µs)
2026/02/19 19:44:04 OK   013_add_sleep_logs.sql (116.17µs)
2026/02/19 19:44:04 OK   014_add_push_subscriptions.sql (87.75µs)
2026/02/19 19:44:04 OK   015_add_bp_reminders.sql (161µs)
2026/02/19 19:44:04 OK   016_add_weight_reminders.sql (123.46µs)
2026/02/19 19:44:04 OK   017_make_workout_session_fields_nullable.sql (39.67µs)
2026/02/19 19:44:04 OK   018_add_food_intake.sql (226.71µs)
2026/02/19 19:44:04 goose: successfully migrated database to version: 18
--- PASS: TestHandleSnoozeBPReminder (0.00s)
=== RUN   TestHandleDontBugMeBPReminder
2026/02/19 19:44:04 OK   001_init.sql (103.75µs)
2026/02/19 19:44:04 OK   002_fix_schedules_json.sql (19.25µs)
2026/02/19 19:44:04 OK   003_add_dates.sql (91.88µs)
2026/02/19 19:44:04 OK   004_add_rxnorm.sql (85.83µs)
2026/02/19 19:44:04 OK   005_add_intake_reminders.sql (53.83µs)
2026/02/19 19:44:04 OK   006_add_last_download.sql (39.13µs)
2026/02/19 19:44:04 OK   007_add_bp_tables.sql (94µs)
2026/02/19 19:44:04 OK   008_add_weight_tracking.sql (86.21µs)
2026/02/19 19:44:04 OK   009_add_weight_goal.sql (128.5µs)
2026/02/19 19:44:04 OK   010_add_bp_goal.sql (126.21µs)
2026/02/19 19:44:04 OK   011_add_inventory.sql (115.25µs)
2026/02/19 19:44:04 OK   012_add_workout_tracking.sql (324.33µs)
2026/02/19 19:44:04 OK   013_add_sleep_logs.sql (109.29µs)
2026/02/19 19:44:04 OK   014_add_push_subscriptions.sql (84.04µs)
2026/02/19 19:44:04 OK   015_add_bp_reminders.sql (117.63µs)
2026/02/19 19:44:04 OK   016_add_weight_reminders.sql (116.5µs)
2026/02/19 19:44:04 OK   017_make_workout_session_fields_nullable.sql (33.29µs)
2026/02/19 19:44:04 OK   018_add_food_intake.sql (216.13µs)
2026/02/19 19:44:04 goose: successfully migrated database to version: 18
--- PASS: TestHandleDontBugMeBPReminder (0.00s)
=== RUN   TestHandleSendTestBPNotification_NoWebPush
2026/02/19 19:44:04 OK   001_init.sql (100.5µs)
2026/02/19 19:44:04 OK   002_fix_schedules_json.sql (25.21µs)
2026/02/19 19:44:04 OK   003_add_dates.sql (89.08µs)
2026/02/19 19:44:04 OK   004_add_rxnorm.sql (84.67µs)
2026/02/19 19:44:04 OK   005_add_intake_reminders.sql (53.25µs)
2026/02/19 19:44:04 OK   006_add_last_download.sql (38.04µs)
2026/02/19 19:44:04 OK   007_add_bp_tables.sql (92.38µs)
2026/02/19 19:44:04 OK   008_add_weight_tracking.sql (83.79µs)
2026/02/19 19:44:04 OK   009_add_weight_goal.sql (129.63µs)
2026/02/19 19:44:04 OK   010_add_bp_goal.sql (125.96µs)
2026/02/19 19:44:04 OK   011_add_inventory.sql (115.75µs)
2026/02/19 19:44:04 OK   012_add_workout_tracking.sql (328.63µs)
2026/02/19 19:44:04 OK   013_add_sleep_logs.sql (112.75µs)
2026/02/19 19:44:04 OK   014_add_push_subscriptions.sql (85.71µs)
2026/02/19 19:44:04 OK   015_add_bp_reminders.sql (120.25µs)
2026/02/19 19:44:04 OK   016_add_weight_reminders.sql (121.21µs)
2026/02/19 19:44:04 OK   017_make_workout_session_fields_nullable.sql (34.71µs)
2026/02/19 19:44:04 OK   018_add_food_intake.sql (213.75µs)
2026/02/19 19:44:04 goose: successfully migrated database to version: 18
--- PASS: TestHandleSendTestBPNotification_NoWebPush (0.00s)
=== RUN   TestHandleGetNextWorkout_CompletedSession
2026/02/19 19:44:04 OK   001_init.sql (96.21µs)
2026/02/19 19:44:04 OK   002_fix_schedules_json.sql (18.33µs)
2026/02/19 19:44:04 OK   003_add_dates.sql (87.75µs)
2026/02/19 19:44:04 OK   004_add_rxnorm.sql (85.04µs)
2026/02/19 19:44:04 OK   005_add_intake_reminders.sql (52.75µs)
2026/02/19 19:44:04 OK   006_add_last_download.sql (36.63µs)
2026/02/19 19:44:04 OK   007_add_bp_tables.sql (92.17µs)
2026/02/19 19:44:04 OK   008_add_weight_tracking.sql (85.21µs)
2026/02/19 19:44:04 OK   009_add_weight_goal.sql (127.21µs)
2026/02/19 19:44:04 OK   010_add_bp_goal.sql (126.21µs)
2026/02/19 19:44:04 OK   011_add_inventory.sql (116.08µs)
2026/02/19 19:44:04 OK   012_add_workout_tracking.sql (313.25µs)
2026/02/19 19:44:04 OK   013_add_sleep_logs.sql (106.58µs)
2026/02/19 19:44:04 OK   014_add_push_subscriptions.sql (82.17µs)
2026/02/19 19:44:04 OK   015_add_bp_reminders.sql (113.63µs)
2026/02/19 19:44:04 OK   016_add_weight_reminders.sql (115.5µs)
2026/02/19 19:44:04 OK   017_make_workout_session_fields_nullable.sql (32µs)
2026/02/19 19:44:04 OK   018_add_food_intake.sql (206.88µs)
2026/02/19 19:44:04 goose: successfully migrated database to version: 18
--- PASS: TestHandleGetNextWorkout_CompletedSession (0.00s)
=== RUN   TestHandleGetNextWorkout_SnoozedThenCompleted
2026/02/19 19:44:04 OK   001_init.sql (99.71µs)
2026/02/19 19:44:04 OK   002_fix_schedules_json.sql (19.46µs)
2026/02/19 19:44:04 OK   003_add_dates.sql (89.83µs)
2026/02/19 19:44:04 OK   004_add_rxnorm.sql (84.21µs)
2026/02/19 19:44:04 OK   005_add_intake_reminders.sql (54.42µs)
2026/02/19 19:44:04 OK   006_add_last_download.sql (37.21µs)
2026/02/19 19:44:04 OK   007_add_bp_tables.sql (90.67µs)
2026/02/19 19:44:04 OK   008_add_weight_tracking.sql (82.17µs)
2026/02/19 19:44:04 OK   009_add_weight_goal.sql (123.17µs)
2026/02/19 19:44:04 OK   010_add_bp_goal.sql (124.71µs)
2026/02/19 19:44:04 OK   011_add_inventory.sql (112.79µs)
2026/02/19 19:44:04 OK   012_add_workout_tracking.sql (316.21µs)
2026/02/19 19:44:04 OK   013_add_sleep_logs.sql (108µs)
2026/02/19 19:44:04 OK   014_add_push_subscriptions.sql (82.46µs)
2026/02/19 19:44:04 OK   015_add_bp_reminders.sql (114.96µs)
2026/02/19 19:44:04 OK   016_add_weight_reminders.sql (114.29µs)
2026/02/19 19:44:04 OK   017_make_workout_session_fields_nullable.sql (32.63µs)
2026/02/19 19:44:04 OK   018_add_food_intake.sql (209.33µs)
2026/02/19 19:44:04 goose: successfully migrated database to version: 18
--- PASS: TestHandleGetNextWorkout_SnoozedThenCompleted (0.00s)
=== RUN   TestHandleLogFood
2026/02/19 19:44:04 OK   001_init.sql (94.71µs)
2026/02/19 19:44:04 OK   002_fix_schedules_json.sql (17.5µs)
2026/02/19 19:44:04 OK   003_add_dates.sql (85.75µs)
2026/02/19 19:44:04 OK   004_add_rxnorm.sql (81.08µs)
2026/02/19 19:44:04 OK   005_add_intake_reminders.sql (52.38µs)
2026/02/19 19:44:04 OK   006_add_last_download.sql (36.29µs)
2026/02/19 19:44:04 OK   007_add_bp_tables.sql (88.33µs)
2026/02/19 19:44:04 OK   008_add_weight_tracking.sql (80.08µs)
2026/02/19 19:44:04 OK   009_add_weight_goal.sql (121.54µs)
2026/02/19 19:44:04 OK   010_add_bp_goal.sql (119.63µs)
2026/02/19 19:44:04 OK   011_add_inventory.sql (108.67µs)
2026/02/19 19:44:04 OK   012_add_workout_tracking.sql (313.54µs)
2026/02/19 19:44:04 OK   013_add_sleep_logs.sql (105.25µs)
2026/02/19 19:44:04 OK   014_add_push_subscriptions.sql (81.67µs)
2026/02/19 19:44:04 OK   015_add_bp_reminders.sql (110.63µs)
2026/02/19 19:44:04 OK   016_add_weight_reminders.sql (111.71µs)
2026/02/19 19:44:04 OK   017_make_workout_session_fields_nullable.sql (30.92µs)
2026/02/19 19:44:04 OK   018_add_food_intake.sql (202.58µs)
2026/02/19 19:44:04 goose: successfully migrated database to version: 18
    food_handlers_test.go:49: Expected status 200, got 400. Body: Invalid JSON
    food_handlers_test.go:54: Failed to decode response: invalid character 'I' looking for beginning of value
--- FAIL: TestHandleLogFood (0.00s)
=== RUN   TestHandleGetFoodLogs
2026/02/19 19:44:04 OK   001_init.sql (97.75µs)
2026/02/19 19:44:04 OK   002_fix_schedules_json.sql (19.25µs)
2026/02/19 19:44:04 OK   003_add_dates.sql (90.08µs)
2026/02/19 19:44:04 OK   004_add_rxnorm.sql (87.46µs)
2026/02/19 19:44:04 OK   005_add_intake_reminders.sql (53.29µs)
2026/02/19 19:44:04 OK   006_add_last_download.sql (37.33µs)
2026/02/19 19:44:04 OK   007_add_bp_tables.sql (89.75µs)
2026/02/19 19:44:04 OK   008_add_weight_tracking.sql (81.17µs)
2026/02/19 19:44:04 OK   009_add_weight_goal.sql (135.71µs)
2026/02/19 19:44:04 OK   010_add_bp_goal.sql (135.08µs)
2026/02/19 19:44:04 OK   011_add_inventory.sql (117.54µs)
2026/02/19 19:44:04 OK   012_add_workout_tracking.sql (325.04µs)
2026/02/19 19:44:04 OK   013_add_sleep_logs.sql (110.58µs)
2026/02/19 19:44:04 OK   014_add_push_subscriptions.sql (92.13µs)
2026/02/19 19:44:04 OK   015_add_bp_reminders.sql (122.79µs)
2026/02/19 19:44:04 OK   016_add_weight_reminders.sql (119.46µs)
2026/02/19 19:44:04 OK   017_make_workout_session_fields_nullable.sql (35µs)
2026/02/19 19:44:04 OK   018_add_food_intake.sql (236.5µs)
2026/02/19 19:44:04 goose: successfully migrated database to version: 18
--- PASS: TestHandleGetFoodLogs (0.00s)
=== RUN   TestHandleDeleteFoodLog
2026/02/19 19:44:04 OK   001_init.sql (104.17µs)
2026/02/19 19:44:04 OK   002_fix_schedules_json.sql (24.38µs)
2026/02/19 19:44:04 OK   003_add_dates.sql (96.54µs)
2026/02/19 19:44:04 OK   004_add_rxnorm.sql (87.79µs)
2026/02/19 19:44:04 OK   005_add_intake_reminders.sql (51.88µs)
2026/02/19 19:44:04 OK   006_add_last_download.sql (37.79µs)
2026/02/19 19:44:04 OK   007_add_bp_tables.sql (91.13µs)
2026/02/19 19:44:04 OK   008_add_weight_tracking.sql (100.88µs)
2026/02/19 19:44:04 OK   009_add_weight_goal.sql (195.71µs)
2026/02/19 19:44:04 OK   010_add_bp_goal.sql (196.13µs)
2026/02/19 19:44:04 OK   011_add_inventory.sql (111.17µs)
2026/02/19 19:44:04 OK   012_add_workout_tracking.sql (300.38µs)
2026/02/19 19:44:04 OK   013_add_sleep_logs.sql (103.71µs)
2026/02/19 19:44:04 OK   014_add_push_subscriptions.sql (81.38µs)
2026/02/19 19:44:04 OK   015_add_bp_reminders.sql (110.25µs)
2026/02/19 19:44:04 OK   016_add_weight_reminders.sql (111.25µs)
2026/02/19 19:44:04 OK   017_make_workout_session_fields_nullable.sql (33.5µs)
2026/02/19 19:44:04 OK   018_add_food_intake.sql (199.88µs)
2026/02/19 19:44:04 goose: successfully migrated database to version: 18
--- PASS: TestHandleDeleteFoodLog (0.00s)
=== RUN   TestHandleToggleFoodIntake
2026/02/19 19:44:04 OK   001_init.sql (101.92µs)
2026/02/19 19:44:04 OK   002_fix_schedules_json.sql (20.63µs)
2026/02/19 19:44:04 OK   003_add_dates.sql (88.83µs)
2026/02/19 19:44:04 OK   004_add_rxnorm.sql (85.13µs)
2026/02/19 19:44:04 OK   005_add_intake_reminders.sql (55.38µs)
2026/02/19 19:44:04 OK   006_add_last_download.sql (39.58µs)
2026/02/19 19:44:04 OK   007_add_bp_tables.sql (95.25µs)
2026/02/19 19:44:04 OK   008_add_weight_tracking.sql (82.67µs)
2026/02/19 19:44:04 OK   009_add_weight_goal.sql (129.04µs)
2026/02/19 19:44:04 OK   010_add_bp_goal.sql (121.33µs)
2026/02/19 19:44:04 OK   011_add_inventory.sql (107.71µs)
2026/02/19 19:44:04 OK   012_add_workout_tracking.sql (312.58µs)
2026/02/19 19:44:04 OK   013_add_sleep_logs.sql (104.13µs)
2026/02/19 19:44:04 OK   014_add_push_subscriptions.sql (81.79µs)
2026/02/19 19:44:04 OK   015_add_bp_reminders.sql (124.75µs)
2026/02/19 19:44:04 OK   016_add_weight_reminders.sql (111.75µs)
2026/02/19 19:44:04 OK   017_make_workout_session_fields_nullable.sql (34.33µs)
2026/02/19 19:44:04 OK   018_add_food_intake.sql (211.46µs)
2026/02/19 19:44:04 goose: successfully migrated database to version: 18
--- PASS: TestHandleToggleFoodIntake (0.00s)
=== RUN   TestHandleGetFoodIntakeStatus
2026/02/19 19:44:04 OK   001_init.sql (99.17µs)
2026/02/19 19:44:04 OK   002_fix_schedules_json.sql (18.13µs)
2026/02/19 19:44:04 OK   003_add_dates.sql (82.75µs)
2026/02/19 19:44:04 OK   004_add_rxnorm.sql (82.33µs)
2026/02/19 19:44:04 OK   005_add_intake_reminders.sql (60.17µs)
2026/02/19 19:44:04 OK   006_add_last_download.sql (38.96µs)
2026/02/19 19:44:04 OK   007_add_bp_tables.sql (95.04µs)
2026/02/19 19:44:04 OK   008_add_weight_tracking.sql (80.54µs)
2026/02/19 19:44:04 OK   009_add_weight_goal.sql (125.88µs)
2026/02/19 19:44:04 OK   010_add_bp_goal.sql (121.71µs)
2026/02/19 19:44:04 OK   011_add_inventory.sql (113.67µs)
2026/02/19 19:44:04 OK   012_add_workout_tracking.sql (298.13µs)
2026/02/19 19:44:04 OK   013_add_sleep_logs.sql (106.42µs)
2026/02/19 19:44:04 OK   014_add_push_subscriptions.sql (85.21µs)
2026/02/19 19:44:04 OK   015_add_bp_reminders.sql (111.67µs)
2026/02/19 19:44:04 OK   016_add_weight_reminders.sql (115.63µs)
2026/02/19 19:44:04 OK   017_make_workout_session_fields_nullable.sql (35.08µs)
2026/02/19 19:44:04 OK   018_add_food_intake.sql (202.29µs)
2026/02/19 19:44:04 goose: successfully migrated database to version: 18
--- PASS: TestHandleGetFoodIntakeStatus (0.00s)
=== RUN   TestHandleListMedications
2026/02/19 19:44:04 OK   001_init.sql (105.79µs)
2026/02/19 19:44:04 OK   002_fix_schedules_json.sql (20.88µs)
2026/02/19 19:44:04 OK   003_add_dates.sql (91.88µs)
2026/02/19 19:44:04 OK   004_add_rxnorm.sql (83.42µs)
2026/02/19 19:44:04 OK   005_add_intake_reminders.sql (53.13µs)
2026/02/19 19:44:04 OK   006_add_last_download.sql (39.42µs)
2026/02/19 19:44:04 OK   007_add_bp_tables.sql (91.96µs)
2026/02/19 19:44:04 OK   008_add_weight_tracking.sql (86.63µs)
2026/02/19 19:44:04 OK   009_add_weight_goal.sql (120.33µs)
2026/02/19 19:44:04 OK   010_add_bp_goal.sql (120.58µs)
2026/02/19 19:44:04 OK   011_add_inventory.sql (108.71µs)
2026/02/19 19:44:04 OK   012_add_workout_tracking.sql (297.88µs)
2026/02/19 19:44:04 OK   013_add_sleep_logs.sql (113.63µs)
2026/02/19 19:44:04 OK   014_add_push_subscriptions.sql (81.25µs)
2026/02/19 19:44:04 OK   015_add_bp_reminders.sql (115.13µs)
2026/02/19 19:44:04 OK   016_add_weight_reminders.sql (108.75µs)
2026/02/19 19:44:04 OK   017_make_workout_session_fields_nullable.sql (34.21µs)
2026/02/19 19:44:04 OK   018_add_food_intake.sql (196.92µs)
2026/02/19 19:44:04 goose: successfully migrated database to version: 18
--- PASS: TestHandleListMedications (0.00s)
=== RUN   TestHandleCreateMedication
2026/02/19 19:44:04 OK   001_init.sql (127.83µs)
2026/02/19 19:44:04 OK   002_fix_schedules_json.sql (20.63µs)
2026/02/19 19:44:04 OK   003_add_dates.sql (83.42µs)
2026/02/19 19:44:04 OK   004_add_rxnorm.sql (83.29µs)
2026/02/19 19:44:04 OK   005_add_intake_reminders.sql (53.63µs)
2026/02/19 19:44:04 OK   006_add_last_download.sql (38.63µs)
2026/02/19 19:44:04 OK   007_add_bp_tables.sql (87.79µs)
2026/02/19 19:44:04 OK   008_add_weight_tracking.sql (80.67µs)
2026/02/19 19:44:04 OK   009_add_weight_goal.sql (121.25µs)
2026/02/19 19:44:04 OK   010_add_bp_goal.sql (120.96µs)
2026/02/19 19:44:04 OK   011_add_inventory.sql (108.29µs)
2026/02/19 19:44:04 OK   012_add_workout_tracking.sql (294.96µs)
2026/02/19 19:44:04 OK   013_add_sleep_logs.sql (103.13µs)
2026/02/19 19:44:04 OK   014_add_push_subscriptions.sql (82.29µs)
2026/02/19 19:44:04 OK   015_add_bp_reminders.sql (110.38µs)
2026/02/19 19:44:04 OK   016_add_weight_reminders.sql (110.54µs)
2026/02/19 19:44:04 OK   017_make_workout_session_fields_nullable.sql (34.67µs)
2026/02/19 19:44:04 OK   018_add_food_intake.sql (210.5µs)
2026/02/19 19:44:04 goose: successfully migrated database to version: 18
--- PASS: TestHandleCreateMedication (1.18s)
=== RUN   TestHandleCreateMedication_InvalidJSON
2026/02/19 19:44:06 OK   001_init.sql (483.08µs)
2026/02/19 19:44:06 OK   002_fix_schedules_json.sql (69.13µs)
2026/02/19 19:44:06 OK   003_add_dates.sql (297.04µs)
2026/02/19 19:44:06 OK   004_add_rxnorm.sql (265.46µs)
2026/02/19 19:44:06 OK   005_add_intake_reminders.sql (205.25µs)
2026/02/19 19:44:06 OK   006_add_last_download.sql (142.21µs)
2026/02/19 19:44:06 OK   007_add_bp_tables.sql (344.54µs)
2026/02/19 19:44:06 OK   008_add_weight_tracking.sql (285.79µs)
2026/02/19 19:44:06 OK   009_add_weight_goal.sql (413.33µs)
2026/02/19 19:44:06 OK   010_add_bp_goal.sql (385µs)
2026/02/19 19:44:06 OK   011_add_inventory.sql (378.88µs)
2026/02/19 19:44:06 OK   012_add_workout_tracking.sql (1.31ms)
2026/02/19 19:44:06 OK   013_add_sleep_logs.sql (619.63µs)
2026/02/19 19:44:06 OK   014_add_push_subscriptions.sql (359.04µs)
2026/02/19 19:44:06 OK   015_add_bp_reminders.sql (577.29µs)
2026/02/19 19:44:06 OK   016_add_weight_reminders.sql (394.17µs)
2026/02/19 19:44:06 OK   017_make_workout_session_fields_nullable.sql (96.88µs)
2026/02/19 19:44:06 OK   018_add_food_intake.sql (741.04µs)
2026/02/19 19:44:06 goose: successfully migrated database to version: 18
--- PASS: TestHandleCreateMedication_InvalidJSON (0.01s)
=== RUN   TestHandleUpdateMedication
2026/02/19 19:44:06 OK   001_init.sql (387.58µs)
2026/02/19 19:44:06 OK   002_fix_schedules_json.sql (84.71µs)
2026/02/19 19:44:06 OK   003_add_dates.sql (357.92µs)
2026/02/19 19:44:06 OK   004_add_rxnorm.sql (245.33µs)
2026/02/19 19:44:06 OK   005_add_intake_reminders.sql (227.79µs)
2026/02/19 19:44:06 OK   006_add_last_download.sql (118.33µs)
2026/02/19 19:44:06 OK   007_add_bp_tables.sql (263.67µs)
2026/02/19 19:44:06 OK   008_add_weight_tracking.sql (246.88µs)
2026/02/19 19:44:06 OK   009_add_weight_goal.sql (339.58µs)
2026/02/19 19:44:06 OK   010_add_bp_goal.sql (321µs)
2026/02/19 19:44:06 OK   011_add_inventory.sql (296.21µs)
2026/02/19 19:44:06 OK   012_add_workout_tracking.sql (837.5µs)
2026/02/19 19:44:06 OK   013_add_sleep_logs.sql (295.38µs)
2026/02/19 19:44:06 OK   014_add_push_subscriptions.sql (227.88µs)
2026/02/19 19:44:06 OK   015_add_bp_reminders.sql (329.29µs)
2026/02/19 19:44:06 OK   016_add_weight_reminders.sql (425.63µs)
2026/02/19 19:44:06 OK   017_make_workout_session_fields_nullable.sql (115.42µs)
2026/02/19 19:44:06 OK   018_add_food_intake.sql (633.5µs)
2026/02/19 19:44:06 goose: successfully migrated database to version: 18
--- PASS: TestHandleUpdateMedication (0.39s)
=== RUN   TestHandleDeleteMedication
2026/02/19 19:44:06 OK   001_init.sql (339.88µs)
2026/02/19 19:44:06 OK   002_fix_schedules_json.sql (66.63µs)
2026/02/19 19:44:06 OK   003_add_dates.sql (309.63µs)
2026/02/19 19:44:06 OK   004_add_rxnorm.sql (254.71µs)
2026/02/19 19:44:06 OK   005_add_intake_reminders.sql (168.96µs)
2026/02/19 19:44:06 OK   006_add_last_download.sql (109.54µs)
2026/02/19 19:44:06 OK   007_add_bp_tables.sql (251.04µs)
2026/02/19 19:44:06 OK   008_add_weight_tracking.sql (302.17µs)
2026/02/19 19:44:06 OK   009_add_weight_goal.sql (323.67µs)
2026/02/19 19:44:06 OK   010_add_bp_goal.sql (303.5µs)
2026/02/19 19:44:06 OK   011_add_inventory.sql (370.96µs)
2026/02/19 19:44:06 OK   012_add_workout_tracking.sql (1.19ms)
2026/02/19 19:44:06 OK   013_add_sleep_logs.sql (353.5µs)
2026/02/19 19:44:06 OK   014_add_push_subscriptions.sql (247.58µs)
2026/02/19 19:44:06 OK   015_add_bp_reminders.sql (344.33µs)
2026/02/19 19:44:06 OK   016_add_weight_reminders.sql (373.96µs)
2026/02/19 19:44:06 OK   017_make_workout_session_fields_nullable.sql (93.5µs)
2026/02/19 19:44:06 OK   018_add_food_intake.sql (609.54µs)
2026/02/19 19:44:06 goose: successfully migrated database to version: 18
--- PASS: TestHandleDeleteMedication (0.01s)
=== RUN   TestHandleDeleteMedication_InvalidID
2026/02/19 19:44:06 OK   001_init.sql (311µs)
2026/02/19 19:44:06 OK   002_fix_schedules_json.sql (59.79µs)
2026/02/19 19:44:06 OK   003_add_dates.sql (276.75µs)
2026/02/19 19:44:06 OK   004_add_rxnorm.sql (263.08µs)
2026/02/19 19:44:06 OK   005_add_intake_reminders.sql (186.63µs)
2026/02/19 19:44:06 OK   006_add_last_download.sql (130.71µs)
2026/02/19 19:44:06 OK   007_add_bp_tables.sql (305µs)
2026/02/19 19:44:06 OK   008_add_weight_tracking.sql (261.83µs)
2026/02/19 19:44:06 OK   009_add_weight_goal.sql (384.13µs)
2026/02/19 19:44:06 OK   010_add_bp_goal.sql (406.96µs)
2026/02/19 19:44:06 OK   011_add_inventory.sql (386.46µs)
2026/02/19 19:44:06 OK   012_add_workout_tracking.sql (936.83µs)
2026/02/19 19:44:06 OK   013_add_sleep_logs.sql (308.71µs)
2026/02/19 19:44:06 OK   014_add_push_subscriptions.sql (236.21µs)
2026/02/19 19:44:06 OK   015_add_bp_reminders.sql (343.29µs)
2026/02/19 19:44:06 OK   016_add_weight_reminders.sql (327.71µs)
2026/02/19 19:44:06 OK   017_make_workout_session_fields_nullable.sql (91.79µs)
2026/02/19 19:44:06 OK   018_add_food_intake.sql (580.5µs)
2026/02/19 19:44:06 goose: successfully migrated database to version: 18
--- PASS: TestHandleDeleteMedication_InvalidID (0.01s)
=== RUN   TestHandleUpdateIntake
2026/02/19 19:44:06 OK   001_init.sql (264.42µs)
2026/02/19 19:44:06 OK   002_fix_schedules_json.sql (47µs)
2026/02/19 19:44:06 OK   003_add_dates.sql (222.67µs)
2026/02/19 19:44:06 OK   004_add_rxnorm.sql (197.54µs)
2026/02/19 19:44:06 OK   005_add_intake_reminders.sql (137.13µs)
2026/02/19 19:44:06 OK   006_add_last_download.sql (106.54µs)
2026/02/19 19:44:06 OK   007_add_bp_tables.sql (238.46µs)
2026/02/19 19:44:06 OK   008_add_weight_tracking.sql (434.46µs)
2026/02/19 19:44:06 OK   009_add_weight_goal.sql (471.63µs)
2026/02/19 19:44:06 OK   010_add_bp_goal.sql (354.04µs)
2026/02/19 19:44:06 OK   011_add_inventory.sql (340.75µs)
2026/02/19 19:44:06 OK   012_add_workout_tracking.sql (900.38µs)
2026/02/19 19:44:06 OK   013_add_sleep_logs.sql (309.13µs)
2026/02/19 19:44:06 OK   014_add_push_subscriptions.sql (232.92µs)
2026/02/19 19:44:06 OK   015_add_bp_reminders.sql (369.42µs)
2026/02/19 19:44:06 OK   016_add_weight_reminders.sql (388.71µs)
2026/02/19 19:44:06 OK   017_make_workout_session_fields_nullable.sql (107.71µs)
2026/02/19 19:44:06 OK   018_add_food_intake.sql (525.29µs)
2026/02/19 19:44:06 goose: successfully migrated database to version: 18
--- PASS: TestHandleUpdateIntake (0.01s)
=== RUN   TestHandleCreateWeight
2026/02/19 19:44:06 OK   001_init.sql (225.42µs)
2026/02/19 19:44:06 OK   002_fix_schedules_json.sql (42.13µs)
2026/02/19 19:44:06 OK   003_add_dates.sql (202.13µs)
2026/02/19 19:44:06 OK   004_add_rxnorm.sql (181.25µs)
2026/02/19 19:44:06 OK   005_add_intake_reminders.sql (115.13µs)
2026/02/19 19:44:06 OK   006_add_last_download.sql (85.13µs)
2026/02/19 19:44:06 OK   007_add_bp_tables.sql (199.71µs)
2026/02/19 19:44:06 OK   008_add_weight_tracking.sql (186.54µs)
2026/02/19 19:44:06 OK   009_add_weight_goal.sql (275.75µs)
2026/02/19 19:44:06 OK   010_add_bp_goal.sql (264.88µs)
2026/02/19 19:44:06 OK   011_add_inventory.sql (242.67µs)
2026/02/19 19:44:06 OK   012_add_workout_tracking.sql (712.46µs)
2026/02/19 19:44:06 OK   013_add_sleep_logs.sql (248.21µs)
2026/02/19 19:44:06 OK   014_add_push_subscriptions.sql (187.25µs)
2026/02/19 19:44:06 OK   015_add_bp_reminders.sql (261µs)
2026/02/19 19:44:06 OK   016_add_weight_reminders.sql (265.21µs)
2026/02/19 19:44:06 OK   017_make_workout_session_fields_nullable.sql (70.54µs)
2026/02/19 19:44:06 OK   018_add_food_intake.sql (466.08µs)
2026/02/19 19:44:06 goose: successfully migrated database to version: 18
--- PASS: TestHandleCreateWeight (0.01s)
=== RUN   TestHandleListWeight
2026/02/19 19:44:06 OK   001_init.sql (178.46µs)
2026/02/19 19:44:06 OK   002_fix_schedules_json.sql (35.67µs)
2026/02/19 19:44:06 OK   003_add_dates.sql (177.75µs)
2026/02/19 19:44:06 OK   004_add_rxnorm.sql (171.71µs)
2026/02/19 19:44:06 OK   005_add_intake_reminders.sql (100.25µs)
2026/02/19 19:44:06 OK   006_add_last_download.sql (69.42µs)
2026/02/19 19:44:06 OK   007_add_bp_tables.sql (175.54µs)
2026/02/19 19:44:06 OK   008_add_weight_tracking.sql (152.25µs)
2026/02/19 19:44:06 OK   009_add_weight_goal.sql (251.21µs)
2026/02/19 19:44:06 OK   010_add_bp_goal.sql (250µs)
2026/02/19 19:44:06 OK   011_add_inventory.sql (237.42µs)
2026/02/19 19:44:06 OK   012_add_workout_tracking.sql (595.29µs)
2026/02/19 19:44:06 OK   013_add_sleep_logs.sql (205.58µs)
2026/02/19 19:44:06 OK   014_add_push_subscriptions.sql (163.21µs)
2026/02/19 19:44:06 OK   015_add_bp_reminders.sql (218.08µs)
2026/02/19 19:44:06 OK   016_add_weight_reminders.sql (216.58µs)
2026/02/19 19:44:06 OK   017_make_workout_session_fields_nullable.sql (59.58µs)
2026/02/19 19:44:06 OK   018_add_food_intake.sql (434.29µs)
2026/02/19 19:44:06 goose: successfully migrated database to version: 18
--- PASS: TestHandleListWeight (0.00s)
=== RUN   TestHandleDeleteWeight
2026/02/19 19:44:06 OK   001_init.sql (201.08µs)
2026/02/19 19:44:06 OK   002_fix_schedules_json.sql (33.58µs)
2026/02/19 19:44:06 OK   003_add_dates.sql (162.21µs)
2026/02/19 19:44:06 OK   004_add_rxnorm.sql (156.96µs)
2026/02/19 19:44:06 OK   005_add_intake_reminders.sql (108.75µs)
2026/02/19 19:44:06 OK   006_add_last_download.sql (70.63µs)
2026/02/19 19:44:06 OK   007_add_bp_tables.sql (169.79µs)
2026/02/19 19:44:06 OK   008_add_weight_tracking.sql (153.42µs)
2026/02/19 19:44:06 OK   009_add_weight_goal.sql (207.13µs)
2026/02/19 19:44:06 OK   010_add_bp_goal.sql (204.63µs)
2026/02/19 19:44:06 OK   011_add_inventory.sql (184.63µs)
2026/02/19 19:44:06 OK   012_add_workout_tracking.sql (517.5µs)
2026/02/19 19:44:06 OK   013_add_sleep_logs.sql (174.96µs)
2026/02/19 19:44:06 OK   014_add_push_subscriptions.sql (137.58µs)
2026/02/19 19:44:06 OK   015_add_bp_reminders.sql (192.5µs)
2026/02/19 19:44:06 OK   016_add_weight_reminders.sql (190.38µs)
2026/02/19 19:44:06 OK   017_make_workout_session_fields_nullable.sql (54.29µs)
2026/02/19 19:44:06 OK   018_add_food_intake.sql (349.33µs)
2026/02/19 19:44:06 goose: successfully migrated database to version: 18
--- PASS: TestHandleDeleteWeight (0.00s)
=== RUN   TestHandleExportWeight
2026/02/19 19:44:06 OK   001_init.sql (280.75µs)
2026/02/19 19:44:06 OK   002_fix_schedules_json.sql (48.29µs)
2026/02/19 19:44:06 OK   003_add_dates.sql (206.42µs)
2026/02/19 19:44:06 OK   004_add_rxnorm.sql (156.08µs)
2026/02/19 19:44:06 OK   005_add_intake_reminders.sql (105.75µs)
2026/02/19 19:44:06 OK   006_add_last_download.sql (71.67µs)
2026/02/19 19:44:06 OK   007_add_bp_tables.sql (172.33µs)
2026/02/19 19:44:06 OK   008_add_weight_tracking.sql (161.08µs)
2026/02/19 19:44:06 OK   009_add_weight_goal.sql (231.29µs)
2026/02/19 19:44:06 OK   010_add_bp_goal.sql (217.88µs)
2026/02/19 19:44:06 OK   011_add_inventory.sql (206.29µs)
2026/02/19 19:44:06 OK   012_add_workout_tracking.sql (595.46µs)
2026/02/19 19:44:06 OK   013_add_sleep_logs.sql (206.92µs)
2026/02/19 19:44:06 OK   014_add_push_subscriptions.sql (151.92µs)
2026/02/19 19:44:06 OK   015_add_bp_reminders.sql (237.29µs)
2026/02/19 19:44:06 OK   016_add_weight_reminders.sql (201.88µs)
2026/02/19 19:44:06 OK   017_make_workout_session_fields_nullable.sql (55.88µs)
2026/02/19 19:44:06 OK   018_add_food_intake.sql (340.83µs)
2026/02/19 19:44:06 goose: successfully migrated database to version: 18
--- PASS: TestHandleExportWeight (0.00s)
=== RUN   TestHandleGetWeightGoal
2026/02/19 19:44:06 OK   001_init.sql (150.08µs)
2026/02/19 19:44:06 OK   002_fix_schedules_json.sql (28.46µs)
2026/02/19 19:44:06 OK   003_add_dates.sql (135.58µs)
2026/02/19 19:44:06 OK   004_add_rxnorm.sql (122.08µs)
2026/02/19 19:44:06 OK   005_add_intake_reminders.sql (79.46µs)
2026/02/19 19:44:06 OK   006_add_last_download.sql (56.54µs)
2026/02/19 19:44:06 OK   007_add_bp_tables.sql (133.83µs)
2026/02/19 19:44:06 OK   008_add_weight_tracking.sql (121.13µs)
2026/02/19 19:44:06 OK   009_add_weight_goal.sql (185.67µs)
2026/02/19 19:44:06 OK   010_add_bp_goal.sql (180.83µs)
2026/02/19 19:44:06 OK   011_add_inventory.sql (169.58µs)
2026/02/19 19:44:06 OK   012_add_workout_tracking.sql (485.38µs)
2026/02/19 19:44:06 OK   013_add_sleep_logs.sql (166.04µs)
2026/02/19 19:44:06 OK   014_add_push_subscriptions.sql (123µs)
2026/02/19 19:44:06 OK   015_add_bp_reminders.sql (175.17µs)
2026/02/19 19:44:06 OK   016_add_weight_reminders.sql (172.5µs)
2026/02/19 19:44:06 OK   017_make_workout_session_fields_nullable.sql (49.25µs)
2026/02/19 19:44:06 OK   018_add_food_intake.sql (324.21µs)
2026/02/19 19:44:06 goose: successfully migrated database to version: 18
--- PASS: TestHandleGetWeightGoal (0.00s)
=== RUN   TestHandleGetUniqueExercises
2026/02/19 19:44:06 OK   001_init.sql (152.46µs)
2026/02/19 19:44:06 OK   002_fix_schedules_json.sql (27.67µs)
2026/02/19 19:44:06 OK   003_add_dates.sql (134.04µs)
2026/02/19 19:44:06 OK   004_add_rxnorm.sql (130µs)
2026/02/19 19:44:06 OK   005_add_intake_reminders.sql (82µs)
2026/02/19 19:44:06 OK   006_add_last_download.sql (58.79µs)
2026/02/19 19:44:06 OK   007_add_bp_tables.sql (151.71µs)
2026/02/19 19:44:06 OK   008_add_weight_tracking.sql (126.58µs)
2026/02/19 19:44:06 OK   009_add_weight_goal.sql (191.21µs)
2026/02/19 19:44:06 OK   010_add_bp_goal.sql (213.17µs)
2026/02/19 19:44:06 OK   011_add_inventory.sql (172µs)
2026/02/19 19:44:06 OK   012_add_workout_tracking.sql (447.92µs)
2026/02/19 19:44:06 OK   013_add_sleep_logs.sql (145.71µs)
2026/02/19 19:44:06 OK   014_add_push_subscriptions.sql (111.67µs)
2026/02/19 19:44:06 OK   015_add_bp_reminders.sql (161.04µs)
2026/02/19 19:44:06 OK   016_add_weight_reminders.sql (155.63µs)
2026/02/19 19:44:06 OK   017_make_workout_session_fields_nullable.sql (43µs)
2026/02/19 19:44:06 OK   018_add_food_intake.sql (285.42µs)
2026/02/19 19:44:06 goose: successfully migrated database to version: 18
--- PASS: TestHandleGetUniqueExercises (0.00s)
=== RUN   TestHandleAddExerciseToSession
2026/02/19 19:44:06 OK   001_init.sql (131.83µs)
2026/02/19 19:44:06 OK   002_fix_schedules_json.sql (24.25µs)
2026/02/19 19:44:06 OK   003_add_dates.sql (118.71µs)
2026/02/19 19:44:06 OK   004_add_rxnorm.sql (111.25µs)
2026/02/19 19:44:06 OK   005_add_intake_reminders.sql (70.96µs)
2026/02/19 19:44:06 OK   006_add_last_download.sql (50.17µs)
2026/02/19 19:44:06 OK   007_add_bp_tables.sql (124.04µs)
2026/02/19 19:44:06 OK   008_add_weight_tracking.sql (108.71µs)
2026/02/19 19:44:06 OK   009_add_weight_goal.sql (170µs)
2026/02/19 19:44:06 OK   010_add_bp_goal.sql (164.38µs)
2026/02/19 19:44:06 OK   011_add_inventory.sql (150.92µs)
2026/02/19 19:44:06 OK   012_add_workout_tracking.sql (427.92µs)
2026/02/19 19:44:06 OK   013_add_sleep_logs.sql (149.75µs)
2026/02/19 19:44:06 OK   014_add_push_subscriptions.sql (115µs)
2026/02/19 19:44:06 OK   015_add_bp_reminders.sql (151.96µs)
2026/02/19 19:44:06 OK   016_add_weight_reminders.sql (158.17µs)
2026/02/19 19:44:06 OK   017_make_workout_session_fields_nullable.sql (42.25µs)
2026/02/19 19:44:06 OK   018_add_food_intake.sql (294.75µs)
2026/02/19 19:44:06 goose: successfully migrated database to version: 18
--- PASS: TestHandleAddExerciseToSession (0.00s)
=== RUN   TestHandleUpdateSessionStatus
2026/02/19 19:44:06 OK   001_init.sql (130.33µs)
2026/02/19 19:44:06 OK   002_fix_schedules_json.sql (24.17µs)
2026/02/19 19:44:06 OK   003_add_dates.sql (118.83µs)
2026/02/19 19:44:06 OK   004_add_rxnorm.sql (111.08µs)
2026/02/19 19:44:06 OK   005_add_intake_reminders.sql (70.29µs)
2026/02/19 19:44:06 OK   006_add_last_download.sql (49.13µs)
2026/02/19 19:44:06 OK   007_add_bp_tables.sql (120.38µs)
2026/02/19 19:44:06 OK   008_add_weight_tracking.sql (112.58µs)
2026/02/19 19:44:06 OK   009_add_weight_goal.sql (157.04µs)
2026/02/19 19:44:06 OK   010_add_bp_goal.sql (150.79µs)
2026/02/19 19:44:06 OK   011_add_inventory.sql (141.04µs)
2026/02/19 19:44:06 OK   012_add_workout_tracking.sql (390.21µs)
2026/02/19 19:44:06 OK   013_add_sleep_logs.sql (135.63µs)
2026/02/19 19:44:06 OK   014_add_push_subscriptions.sql (104.38µs)
2026/02/19 19:44:06 OK   015_add_bp_reminders.sql (141.46µs)
2026/02/19 19:44:06 OK   016_add_weight_reminders.sql (140.67µs)
2026/02/19 19:44:06 OK   017_make_workout_session_fields_nullable.sql (40.88µs)
2026/02/19 19:44:06 OK   018_add_food_intake.sql (267.08µs)
2026/02/19 19:44:06 goose: successfully migrated database to version: 18
=== RUN   TestHandleUpdateSessionStatus/Valid_status_update_to_skipped
=== RUN   TestHandleUpdateSessionStatus/Valid_status_update_to_completed
=== RUN   TestHandleUpdateSessionStatus/Invalid_status_value
=== RUN   TestHandleUpdateSessionStatus/Invalid_status_value_-_in_progress
=== RUN   TestHandleUpdateSessionStatus/Non-existent_session_ID
=== RUN   TestHandleUpdateSessionStatus/Session_ID_0
--- PASS: TestHandleUpdateSessionStatus (0.00s)
    --- PASS: TestHandleUpdateSessionStatus/Valid_status_update_to_skipped (0.00s)
    --- PASS: TestHandleUpdateSessionStatus/Valid_status_update_to_completed (0.00s)
    --- PASS: TestHandleUpdateSessionStatus/Invalid_status_value (0.00s)
    --- PASS: TestHandleUpdateSessionStatus/Invalid_status_value_-_in_progress (0.00s)
    --- PASS: TestHandleUpdateSessionStatus/Non-existent_session_ID (0.00s)
    --- PASS: TestHandleUpdateSessionStatus/Session_ID_0 (0.00s)
=== RUN   TestHandleGetNextWorkout_LazyCreation
2026/02/19 19:44:06 OK   001_init.sql (126µs)
2026/02/19 19:44:06 OK   002_fix_schedules_json.sql (22.17µs)
2026/02/19 19:44:06 OK   003_add_dates.sql (112.17µs)
2026/02/19 19:44:06 OK   004_add_rxnorm.sql (110.54µs)
2026/02/19 19:44:06 OK   005_add_intake_reminders.sql (73.29µs)
2026/02/19 19:44:06 OK   006_add_last_download.sql (50µs)
2026/02/19 19:44:06 OK   007_add_bp_tables.sql (122.08µs)
2026/02/19 19:44:06 OK   008_add_weight_tracking.sql (112.58µs)
2026/02/19 19:44:06 OK   009_add_weight_goal.sql (172.25µs)
2026/02/19 19:44:06 OK   010_add_bp_goal.sql (153.83µs)
2026/02/19 19:44:06 OK   011_add_inventory.sql (150.92µs)
2026/02/19 19:44:06 OK   012_add_workout_tracking.sql (416.92µs)
2026/02/19 19:44:06 OK   013_add_sleep_logs.sql (141.54µs)
2026/02/19 19:44:06 OK   014_add_push_subscriptions.sql (101.96µs)
2026/02/19 19:44:06 OK   015_add_bp_reminders.sql (139.54µs)
2026/02/19 19:44:06 OK   016_add_weight_reminders.sql (141.63µs)
2026/02/19 19:44:06 OK   017_make_workout_session_fields_nullable.sql (40.42µs)
2026/02/19 19:44:06 OK   018_add_food_intake.sql (256.79µs)
2026/02/19 19:44:06 goose: successfully migrated database to version: 18
--- PASS: TestHandleGetNextWorkout_LazyCreation (0.00s)
FAIL
FAIL	github.com/korjavin/medicationtrackerbot/internal/server	1.907s
FAIL
